nohup: les entrées sont ignorées

  .   ____          _            __ _ _
 /\\ / ___'_ __ _ _(_)_ __  __ _ \ \ \ \
( ( )\___ | '_ | '_| | '_ \/ _` | \ \ \ \
 \\/  ___)| |_)| | | | | || (_| |  ) ) ) )
  '  |____| .__|_| |_|_| |_\__, | / / / /
 =========|_|==============|___/=/_/_/_/

 :: Spring Boot ::                (v3.3.4)

2024-11-09T07:49:31.297Z  INFO 54944 --- [backendwave] [           main] com.backendwave.BackendwaveApplication   : Starting BackendwaveApplication v0.0.1-SNAPSHOT using Java 21.0.4 with PID 54944 (/home/gueye/Documents/FLUTTER_JAVA/backendWaveJava/target/backendwave-0.0.1-SNAPSHOT.jar started by gueye in /home/gueye/Documents/FLUTTER_JAVA/backendWaveJava)
2024-11-09T07:49:31.313Z  INFO 54944 --- [backendwave] [           main] com.backendwave.BackendwaveApplication   : No active profile set, falling back to 1 default profile: "default"
2024-11-09T07:49:34.001Z  INFO 54944 --- [backendwave] [           main] .s.d.r.c.RepositoryConfigurationDelegate : Bootstrapping Spring Data JPA repositories in DEFAULT mode.
2024-11-09T07:49:34.141Z  INFO 54944 --- [backendwave] [           main] .s.d.r.c.RepositoryConfigurationDelegate : Finished Spring Data repository scanning in 128 ms. Found 10 JPA repository interfaces.
2024-11-09T07:49:35.442Z  INFO 54944 --- [backendwave] [           main] o.s.b.w.embedded.tomcat.TomcatWebServer  : Tomcat initialized with port 8081 (http)
2024-11-09T07:49:35.472Z  INFO 54944 --- [backendwave] [           main] o.apache.catalina.core.StandardService   : Starting service [Tomcat]
2024-11-09T07:49:35.473Z  INFO 54944 --- [backendwave] [           main] o.apache.catalina.core.StandardEngine    : Starting Servlet engine: [Apache Tomcat/10.1.30]
2024-11-09T07:49:35.536Z  INFO 54944 --- [backendwave] [           main] o.a.c.c.C.[Tomcat].[localhost].[/]       : Initializing Spring embedded WebApplicationContext
2024-11-09T07:49:35.538Z  INFO 54944 --- [backendwave] [           main] w.s.c.ServletWebServerApplicationContext : Root WebApplicationContext: initialization completed in 4048 ms
2024-11-09T07:49:37.167Z  INFO 54944 --- [backendwave] [           main] o.s.o.j.p.SpringPersistenceUnitInfo      : No LoadTimeWeaver setup: ignoring JPA class transformer
2024-11-09T07:49:37.243Z  INFO 54944 --- [backendwave] [           main] com.zaxxer.hikari.HikariDataSource       : HikariPool-1 - Starting...
2024-11-09T07:49:48.076Z  INFO 54944 --- [backendwave] [           main] com.zaxxer.hikari.pool.HikariPool        : HikariPool-1 - Added connection org.postgresql.jdbc.PgConnection@92fd091
2024-11-09T07:49:48.078Z  INFO 54944 --- [backendwave] [           main] com.zaxxer.hikari.HikariDataSource       : HikariPool-1 - Start completed.
2024-11-09T07:49:51.280Z  INFO 54944 --- [backendwave] [           main] j.LocalContainerEntityManagerFactoryBean : Initialized JPA EntityManagerFactory for persistence unit 'default'
2024-11-09T07:49:52.231Z  INFO 54944 --- [backendwave] [           main] o.s.d.j.r.query.QueryEnhancerFactory     : Hibernate is in classpath; If applicable, HQL parser will be used.
Application en marche
2024-11-09T07:49:54.101Z  INFO 54944 --- [backendwave] [           main] eAuthenticationProviderManagerConfigurer : Global AuthenticationManager configured with AuthenticationProvider bean with name authenticationProvider
2024-11-09T07:49:54.103Z  WARN 54944 --- [backendwave] [           main] r$InitializeUserDetailsManagerConfigurer : Global AuthenticationManager configured with an AuthenticationProvider bean. UserDetailsService beans will not be used for username/password login. Consider removing the AuthenticationProvider bean. Alternatively, consider using the UserDetailsService in a manually instantiated DaoAuthenticationProvider.
2024-11-09T07:49:56.516Z  INFO 54944 --- [backendwave] [           main] o.s.b.w.embedded.tomcat.TomcatWebServer  : Tomcat started on port 8081 (http) with context path '/'
2024-11-09T07:49:56.542Z  INFO 54944 --- [backendwave] [           main] com.backendwave.BackendwaveApplication   : Started BackendwaveApplication in 27.559 seconds (process running for 28.365)
2024-11-09T07:49:56.559Z  INFO 54944 --- [backendwave] [   scheduling-1] c.b.job.TransactionStatusUpdateJob       : Début du job de mise à jour des transactions en attente
2024-11-09T07:50:56.677Z  INFO 54944 --- [backendwave] [   scheduling-1] c.b.job.TransactionStatusUpdateJob       : Début du job de mise à jour des transactions en attente
2024-11-09T07:51:56.685Z  INFO 54944 --- [backendwave] [   scheduling-1] c.b.job.TransactionStatusUpdateJob       : Début du job de mise à jour des transactions en attente
2024-11-09T07:52:56.695Z  INFO 54944 --- [backendwave] [   scheduling-1] c.b.job.TransactionStatusUpdateJob       : Début du job de mise à jour des transactions en attente
2024-11-09T07:53:56.705Z  INFO 54944 --- [backendwave] [   scheduling-1] c.b.job.TransactionStatusUpdateJob       : Début du job de mise à jour des transactions en attente
2024-11-09T07:54:56.713Z  INFO 54944 --- [backendwave] [   scheduling-1] c.b.job.TransactionStatusUpdateJob       : Début du job de mise à jour des transactions en attente
2024-11-09T07:55:56.720Z  INFO 54944 --- [backendwave] [   scheduling-1] c.b.job.TransactionStatusUpdateJob       : Début du job de mise à jour des transactions en attente
2024-11-09T07:56:56.728Z  INFO 54944 --- [backendwave] [   scheduling-1] c.b.job.TransactionStatusUpdateJob       : Début du job de mise à jour des transactions en attente
2024-11-09T07:57:56.735Z  INFO 54944 --- [backendwave] [   scheduling-1] c.b.job.TransactionStatusUpdateJob       : Début du job de mise à jour des transactions en attente
2024-11-09T07:58:56.742Z  INFO 54944 --- [backendwave] [   scheduling-1] c.b.job.TransactionStatusUpdateJob       : Début du job de mise à jour des transactions en attente
2024-11-09T07:59:56.750Z  INFO 54944 --- [backendwave] [   scheduling-1] c.b.job.TransactionStatusUpdateJob       : Début du job de mise à jour des transactions en attente
2024-11-09T08:00:56.756Z  INFO 54944 --- [backendwave] [   scheduling-1] c.b.job.TransactionStatusUpdateJob       : Début du job de mise à jour des transactions en attente
2024-11-09T08:01:56.762Z  INFO 54944 --- [backendwave] [   scheduling-1] c.b.job.TransactionStatusUpdateJob       : Début du job de mise à jour des transactions en attente
2024-11-09T08:02:56.770Z  INFO 54944 --- [backendwave] [   scheduling-1] c.b.job.TransactionStatusUpdateJob       : Début du job de mise à jour des transactions en attente
2024-11-09T08:03:56.775Z  INFO 54944 --- [backendwave] [   scheduling-1] c.b.job.TransactionStatusUpdateJob       : Début du job de mise à jour des transactions en attente
2024-11-09T08:04:56.784Z  INFO 54944 --- [backendwave] [   scheduling-1] c.b.job.TransactionStatusUpdateJob       : Début du job de mise à jour des transactions en attente
2024-11-09T08:05:56.789Z  INFO 54944 --- [backendwave] [   scheduling-1] c.b.job.TransactionStatusUpdateJob       : Début du job de mise à jour des transactions en attente
2024-11-09T08:06:56.795Z  INFO 54944 --- [backendwave] [   scheduling-1] c.b.job.TransactionStatusUpdateJob       : Début du job de mise à jour des transactions en attente
2024-11-09T08:07:56.801Z  INFO 54944 --- [backendwave] [   scheduling-1] c.b.job.TransactionStatusUpdateJob       : Début du job de mise à jour des transactions en attente
2024-11-09T08:08:56.810Z  INFO 54944 --- [backendwave] [   scheduling-1] c.b.job.TransactionStatusUpdateJob       : Début du job de mise à jour des transactions en attente
2024-11-09T08:09:56.819Z  INFO 54944 --- [backendwave] [   scheduling-1] c.b.job.TransactionStatusUpdateJob       : Début du job de mise à jour des transactions en attente
2024-11-09T08:10:56.824Z  INFO 54944 --- [backendwave] [   scheduling-1] c.b.job.TransactionStatusUpdateJob       : Début du job de mise à jour des transactions en attente
2024-11-09T08:11:56.831Z  INFO 54944 --- [backendwave] [   scheduling-1] c.b.job.TransactionStatusUpdateJob       : Début du job de mise à jour des transactions en attente
2024-11-09T08:12:56.836Z  INFO 54944 --- [backendwave] [   scheduling-1] c.b.job.TransactionStatusUpdateJob       : Début du job de mise à jour des transactions en attente
2024-11-09T08:13:56.842Z  INFO 54944 --- [backendwave] [   scheduling-1] c.b.job.TransactionStatusUpdateJob       : Début du job de mise à jour des transactions en attente
2024-11-09T08:14:56.848Z  INFO 54944 --- [backendwave] [   scheduling-1] c.b.job.TransactionStatusUpdateJob       : Début du job de mise à jour des transactions en attente
2024-11-09T08:15:56.855Z  INFO 54944 --- [backendwave] [   scheduling-1] c.b.job.TransactionStatusUpdateJob       : Début du job de mise à jour des transactions en attente
2024-11-09T08:16:56.862Z  INFO 54944 --- [backendwave] [   scheduling-1] c.b.job.TransactionStatusUpdateJob       : Début du job de mise à jour des transactions en attente
2024-11-09T08:17:56.867Z  INFO 54944 --- [backendwave] [   scheduling-1] c.b.job.TransactionStatusUpdateJob       : Début du job de mise à jour des transactions en attente
2024-11-09T08:18:56.876Z  INFO 54944 --- [backendwave] [   scheduling-1] c.b.job.TransactionStatusUpdateJob       : Début du job de mise à jour des transactions en attente
2024-11-09T08:19:56.882Z  INFO 54944 --- [backendwave] [   scheduling-1] c.b.job.TransactionStatusUpdateJob       : Début du job de mise à jour des transactions en attente
2024-11-09T08:20:56.890Z  INFO 54944 --- [backendwave] [   scheduling-1] c.b.job.TransactionStatusUpdateJob       : Début du job de mise à jour des transactions en attente
2024-11-09T08:21:56.897Z  INFO 54944 --- [backendwave] [   scheduling-1] c.b.job.TransactionStatusUpdateJob       : Début du job de mise à jour des transactions en attente
2024-11-09T08:22:56.907Z  INFO 54944 --- [backendwave] [   scheduling-1] c.b.job.TransactionStatusUpdateJob       : Début du job de mise à jour des transactions en attente
2024-11-09T08:23:56.912Z  INFO 54944 --- [backendwave] [   scheduling-1] c.b.job.TransactionStatusUpdateJob       : Début du job de mise à jour des transactions en attente
2024-11-09T08:24:56.918Z  INFO 54944 --- [backendwave] [   scheduling-1] c.b.job.TransactionStatusUpdateJob       : Début du job de mise à jour des transactions en attente
2024-11-09T08:25:56.925Z  INFO 54944 --- [backendwave] [   scheduling-1] c.b.job.TransactionStatusUpdateJob       : Début du job de mise à jour des transactions en attente
2024-11-09T08:26:56.943Z  INFO 54944 --- [backendwave] [   scheduling-1] c.b.job.TransactionStatusUpdateJob       : Début du job de mise à jour des transactions en attente
2024-11-09T08:28:46.121Z  INFO 54944 --- [backendwave] [   scheduling-1] c.b.job.TransactionStatusUpdateJob       : Début du job de mise à jour des transactions en attente
2024-11-09T08:29:46.137Z  INFO 54944 --- [backendwave] [   scheduling-1] c.b.job.TransactionStatusUpdateJob       : Début du job de mise à jour des transactions en attente
2024-11-09T08:30:46.143Z  INFO 54944 --- [backendwave] [   scheduling-1] c.b.job.TransactionStatusUpdateJob       : Début du job de mise à jour des transactions en attente
2024-11-09T08:31:46.149Z  INFO 54944 --- [backendwave] [   scheduling-1] c.b.job.TransactionStatusUpdateJob       : Début du job de mise à jour des transactions en attente
2024-11-09T08:32:46.153Z  INFO 54944 --- [backendwave] [   scheduling-1] c.b.job.TransactionStatusUpdateJob       : Début du job de mise à jour des transactions en attente
2024-11-09T08:33:46.157Z  INFO 54944 --- [backendwave] [   scheduling-1] c.b.job.TransactionStatusUpdateJob       : Début du job de mise à jour des transactions en attente
2024-11-09T08:34:46.162Z  INFO 54944 --- [backendwave] [   scheduling-1] c.b.job.TransactionStatusUpdateJob       : Début du job de mise à jour des transactions en attente
2024-11-09T08:35:46.167Z  INFO 54944 --- [backendwave] [   scheduling-1] c.b.job.TransactionStatusUpdateJob       : Début du job de mise à jour des transactions en attente
2024-11-09T08:36:46.173Z  INFO 54944 --- [backendwave] [   scheduling-1] c.b.job.TransactionStatusUpdateJob       : Début du job de mise à jour des transactions en attente
2024-11-09T08:37:46.180Z  INFO 54944 --- [backendwave] [   scheduling-1] c.b.job.TransactionStatusUpdateJob       : Début du job de mise à jour des transactions en attente
2024-11-09T08:38:46.184Z  INFO 54944 --- [backendwave] [   scheduling-1] c.b.job.TransactionStatusUpdateJob       : Début du job de mise à jour des transactions en attente
2024-11-09T08:39:46.192Z  INFO 54944 --- [backendwave] [   scheduling-1] c.b.job.TransactionStatusUpdateJob       : Début du job de mise à jour des transactions en attente
2024-11-09T08:40:46.198Z  INFO 54944 --- [backendwave] [   scheduling-1] c.b.job.TransactionStatusUpdateJob       : Début du job de mise à jour des transactions en attente
2024-11-09T08:41:46.203Z  INFO 54944 --- [backendwave] [   scheduling-1] c.b.job.TransactionStatusUpdateJob       : Début du job de mise à jour des transactions en attente
2024-11-09T08:42:46.208Z  INFO 54944 --- [backendwave] [   scheduling-1] c.b.job.TransactionStatusUpdateJob       : Début du job de mise à jour des transactions en attente
2024-11-09T08:43:46.213Z  INFO 54944 --- [backendwave] [   scheduling-1] c.b.job.TransactionStatusUpdateJob       : Début du job de mise à jour des transactions en attente
2024-11-09T08:44:46.217Z  INFO 54944 --- [backendwave] [   scheduling-1] c.b.job.TransactionStatusUpdateJob       : Début du job de mise à jour des transactions en attente
2024-11-09T08:45:46.222Z  INFO 54944 --- [backendwave] [   scheduling-1] c.b.job.TransactionStatusUpdateJob       : Début du job de mise à jour des transactions en attente
2024-11-09T08:46:46.227Z  INFO 54944 --- [backendwave] [   scheduling-1] c.b.job.TransactionStatusUpdateJob       : Début du job de mise à jour des transactions en attente
2024-11-09T08:47:46.232Z  INFO 54944 --- [backendwave] [   scheduling-1] c.b.job.TransactionStatusUpdateJob       : Début du job de mise à jour des transactions en attente
2024-11-09T08:48:46.237Z  INFO 54944 --- [backendwave] [   scheduling-1] c.b.job.TransactionStatusUpdateJob       : Début du job de mise à jour des transactions en attente
2024-11-09T08:49:46.244Z  INFO 54944 --- [backendwave] [   scheduling-1] c.b.job.TransactionStatusUpdateJob       : Début du job de mise à jour des transactions en attente
2024-11-09T08:53:54.098Z  INFO 54944 --- [backendwave] [   scheduling-1] c.b.job.TransactionStatusUpdateJob       : Début du job de mise à jour des transactions en attente
2024-11-09T08:54:54.105Z  INFO 54944 --- [backendwave] [   scheduling-1] c.b.job.TransactionStatusUpdateJob       : Début du job de mise à jour des transactions en attente
2024-11-09T08:55:54.110Z  INFO 54944 --- [backendwave] [   scheduling-1] c.b.job.TransactionStatusUpdateJob       : Début du job de mise à jour des transactions en attente
2024-11-09T08:56:54.117Z  INFO 54944 --- [backendwave] [   scheduling-1] c.b.job.TransactionStatusUpdateJob       : Début du job de mise à jour des transactions en attente
2024-11-09T08:57:54.123Z  INFO 54944 --- [backendwave] [   scheduling-1] c.b.job.TransactionStatusUpdateJob       : Début du job de mise à jour des transactions en attente
2024-11-09T08:58:54.129Z  INFO 54944 --- [backendwave] [   scheduling-1] c.b.job.TransactionStatusUpdateJob       : Début du job de mise à jour des transactions en attente
2024-11-09T08:59:54.134Z  INFO 54944 --- [backendwave] [   scheduling-1] c.b.job.TransactionStatusUpdateJob       : Début du job de mise à jour des transactions en attente
2024-11-09T09:00:54.139Z  INFO 54944 --- [backendwave] [   scheduling-1] c.b.job.TransactionStatusUpdateJob       : Début du job de mise à jour des transactions en attente
2024-11-09T09:01:54.145Z  INFO 54944 --- [backendwave] [   scheduling-1] c.b.job.TransactionStatusUpdateJob       : Début du job de mise à jour des transactions en attente
2024-11-09T09:02:54.149Z  INFO 54944 --- [backendwave] [   scheduling-1] c.b.job.TransactionStatusUpdateJob       : Début du job de mise à jour des transactions en attente
2024-11-09T09:03:54.154Z  INFO 54944 --- [backendwave] [   scheduling-1] c.b.job.TransactionStatusUpdateJob       : Début du job de mise à jour des transactions en attente
2024-11-09T09:04:54.159Z  INFO 54944 --- [backendwave] [   scheduling-1] c.b.job.TransactionStatusUpdateJob       : Début du job de mise à jour des transactions en attente
2024-11-09T09:05:54.164Z  INFO 54944 --- [backendwave] [   scheduling-1] c.b.job.TransactionStatusUpdateJob       : Début du job de mise à jour des transactions en attente
2024-11-09T09:06:54.169Z  INFO 54944 --- [backendwave] [   scheduling-1] c.b.job.TransactionStatusUpdateJob       : Début du job de mise à jour des transactions en attente
2024-11-09T09:07:54.174Z  INFO 54944 --- [backendwave] [   scheduling-1] c.b.job.TransactionStatusUpdateJob       : Début du job de mise à jour des transactions en attente
2024-11-09T09:08:54.180Z  INFO 54944 --- [backendwave] [   scheduling-1] c.b.job.TransactionStatusUpdateJob       : Début du job de mise à jour des transactions en attente
2024-11-09T09:09:54.186Z  INFO 54944 --- [backendwave] [   scheduling-1] c.b.job.TransactionStatusUpdateJob       : Début du job de mise à jour des transactions en attente
2024-11-09T09:10:54.858Z  INFO 54944 --- [backendwave] [   scheduling-1] c.b.job.TransactionStatusUpdateJob       : Début du job de mise à jour des transactions en attente
2024-11-09T09:11:54.864Z  INFO 54944 --- [backendwave] [   scheduling-1] c.b.job.TransactionStatusUpdateJob       : Début du job de mise à jour des transactions en attente
2024-11-09T09:12:54.870Z  INFO 54944 --- [backendwave] [   scheduling-1] c.b.job.TransactionStatusUpdateJob       : Début du job de mise à jour des transactions en attente
2024-11-09T09:21:11.751Z  INFO 54944 --- [backendwave] [   scheduling-1] c.b.job.TransactionStatusUpdateJob       : Début du job de mise à jour des transactions en attente
2024-11-09T09:22:11.756Z  INFO 54944 --- [backendwave] [   scheduling-1] c.b.job.TransactionStatusUpdateJob       : Début du job de mise à jour des transactions en attente
2024-11-09T09:23:11.762Z  INFO 54944 --- [backendwave] [   scheduling-1] c.b.job.TransactionStatusUpdateJob       : Début du job de mise à jour des transactions en attente
2024-11-09T09:24:12.574Z  INFO 54944 --- [backendwave] [   scheduling-1] c.b.job.TransactionStatusUpdateJob       : Début du job de mise à jour des transactions en attente
2024-11-09T09:25:12.580Z  INFO 54944 --- [backendwave] [   scheduling-1] c.b.job.TransactionStatusUpdateJob       : Début du job de mise à jour des transactions en attente
2024-11-09T09:26:12.586Z  INFO 54944 --- [backendwave] [   scheduling-1] c.b.job.TransactionStatusUpdateJob       : Début du job de mise à jour des transactions en attente
2024-11-09T09:27:12.593Z  INFO 54944 --- [backendwave] [   scheduling-1] c.b.job.TransactionStatusUpdateJob       : Début du job de mise à jour des transactions en attente
2024-11-09T09:28:12.599Z  INFO 54944 --- [backendwave] [   scheduling-1] c.b.job.TransactionStatusUpdateJob       : Début du job de mise à jour des transactions en attente
2024-11-09T09:29:12.605Z  INFO 54944 --- [backendwave] [   scheduling-1] c.b.job.TransactionStatusUpdateJob       : Début du job de mise à jour des transactions en attente
2024-11-09T09:30:12.614Z  INFO 54944 --- [backendwave] [   scheduling-1] c.b.job.TransactionStatusUpdateJob       : Début du job de mise à jour des transactions en attente
2024-11-09T09:31:12.620Z  INFO 54944 --- [backendwave] [   scheduling-1] c.b.job.TransactionStatusUpdateJob       : Début du job de mise à jour des transactions en attente
2024-11-09T09:32:12.625Z  INFO 54944 --- [backendwave] [   scheduling-1] c.b.job.TransactionStatusUpdateJob       : Début du job de mise à jour des transactions en attente
2024-11-09T09:33:12.630Z  INFO 54944 --- [backendwave] [   scheduling-1] c.b.job.TransactionStatusUpdateJob       : Début du job de mise à jour des transactions en attente
2024-11-09T09:34:12.637Z  INFO 54944 --- [backendwave] [   scheduling-1] c.b.job.TransactionStatusUpdateJob       : Début du job de mise à jour des transactions en attente
2024-11-09T09:35:12.643Z  INFO 54944 --- [backendwave] [   scheduling-1] c.b.job.TransactionStatusUpdateJob       : Début du job de mise à jour des transactions en attente
2024-11-09T09:36:12.648Z  INFO 54944 --- [backendwave] [   scheduling-1] c.b.job.TransactionStatusUpdateJob       : Début du job de mise à jour des transactions en attente
2024-11-09T09:37:12.653Z  INFO 54944 --- [backendwave] [   scheduling-1] c.b.job.TransactionStatusUpdateJob       : Début du job de mise à jour des transactions en attente
2024-11-09T09:38:12.659Z  INFO 54944 --- [backendwave] [   scheduling-1] c.b.job.TransactionStatusUpdateJob       : Début du job de mise à jour des transactions en attente
2024-11-09T09:39:12.664Z  INFO 54944 --- [backendwave] [   scheduling-1] c.b.job.TransactionStatusUpdateJob       : Début du job de mise à jour des transactions en attente
2024-11-09T09:40:12.670Z  INFO 54944 --- [backendwave] [   scheduling-1] c.b.job.TransactionStatusUpdateJob       : Début du job de mise à jour des transactions en attente
2024-11-09T09:41:12.675Z  INFO 54944 --- [backendwave] [   scheduling-1] c.b.job.TransactionStatusUpdateJob       : Début du job de mise à jour des transactions en attente
2024-11-09T09:42:12.681Z  INFO 54944 --- [backendwave] [   scheduling-1] c.b.job.TransactionStatusUpdateJob       : Début du job de mise à jour des transactions en attente
2024-11-09T09:43:12.687Z  INFO 54944 --- [backendwave] [   scheduling-1] c.b.job.TransactionStatusUpdateJob       : Début du job de mise à jour des transactions en attente
2024-11-09T09:44:12.693Z  INFO 54944 --- [backendwave] [   scheduling-1] c.b.job.TransactionStatusUpdateJob       : Début du job de mise à jour des transactions en attente
2024-11-09T09:45:12.699Z  INFO 54944 --- [backendwave] [   scheduling-1] c.b.job.TransactionStatusUpdateJob       : Début du job de mise à jour des transactions en attente
2024-11-09T09:46:12.705Z  INFO 54944 --- [backendwave] [   scheduling-1] c.b.job.TransactionStatusUpdateJob       : Début du job de mise à jour des transactions en attente
2024-11-09T09:47:12.712Z  INFO 54944 --- [backendwave] [   scheduling-1] c.b.job.TransactionStatusUpdateJob       : Début du job de mise à jour des transactions en attente
2024-11-09T09:48:12.717Z  INFO 54944 --- [backendwave] [   scheduling-1] c.b.job.TransactionStatusUpdateJob       : Début du job de mise à jour des transactions en attente
2024-11-09T09:49:12.722Z  INFO 54944 --- [backendwave] [   scheduling-1] c.b.job.TransactionStatusUpdateJob       : Début du job de mise à jour des transactions en attente
2024-11-09T09:50:12.727Z  INFO 54944 --- [backendwave] [   scheduling-1] c.b.job.TransactionStatusUpdateJob       : Début du job de mise à jour des transactions en attente
2024-11-09T09:51:12.733Z  INFO 54944 --- [backendwave] [   scheduling-1] c.b.job.TransactionStatusUpdateJob       : Début du job de mise à jour des transactions en attente
2024-11-09T09:52:12.739Z  INFO 54944 --- [backendwave] [   scheduling-1] c.b.job.TransactionStatusUpdateJob       : Début du job de mise à jour des transactions en attente
2024-11-09T09:53:12.744Z  INFO 54944 --- [backendwave] [   scheduling-1] c.b.job.TransactionStatusUpdateJob       : Début du job de mise à jour des transactions en attente
2024-11-09T09:54:12.749Z  INFO 54944 --- [backendwave] [   scheduling-1] c.b.job.TransactionStatusUpdateJob       : Début du job de mise à jour des transactions en attente
2024-11-09T09:55:12.754Z  INFO 54944 --- [backendwave] [   scheduling-1] c.b.job.TransactionStatusUpdateJob       : Début du job de mise à jour des transactions en attente
2024-11-09T09:56:12.759Z  INFO 54944 --- [backendwave] [   scheduling-1] c.b.job.TransactionStatusUpdateJob       : Début du job de mise à jour des transactions en attente
2024-11-09T09:57:12.764Z  INFO 54944 --- [backendwave] [   scheduling-1] c.b.job.TransactionStatusUpdateJob       : Début du job de mise à jour des transactions en attente
2024-11-09T09:58:12.768Z  INFO 54944 --- [backendwave] [   scheduling-1] c.b.job.TransactionStatusUpdateJob       : Début du job de mise à jour des transactions en attente
2024-11-09T09:59:12.773Z  INFO 54944 --- [backendwave] [   scheduling-1] c.b.job.TransactionStatusUpdateJob       : Début du job de mise à jour des transactions en attente
2024-11-09T10:00:12.780Z  INFO 54944 --- [backendwave] [   scheduling-1] c.b.job.TransactionStatusUpdateJob       : Début du job de mise à jour des transactions en attente
2024-11-09T10:01:12.786Z  INFO 54944 --- [backendwave] [   scheduling-1] c.b.job.TransactionStatusUpdateJob       : Début du job de mise à jour des transactions en attente
2024-11-09T10:02:12.791Z  INFO 54944 --- [backendwave] [   scheduling-1] c.b.job.TransactionStatusUpdateJob       : Début du job de mise à jour des transactions en attente
2024-11-09T10:03:12.797Z  INFO 54944 --- [backendwave] [   scheduling-1] c.b.job.TransactionStatusUpdateJob       : Début du job de mise à jour des transactions en attente
2024-11-09T10:04:12.803Z  INFO 54944 --- [backendwave] [   scheduling-1] c.b.job.TransactionStatusUpdateJob       : Début du job de mise à jour des transactions en attente
2024-11-09T10:05:12.809Z  INFO 54944 --- [backendwave] [   scheduling-1] c.b.job.TransactionStatusUpdateJob       : Début du job de mise à jour des transactions en attente
2024-11-09T10:06:12.816Z  INFO 54944 --- [backendwave] [   scheduling-1] c.b.job.TransactionStatusUpdateJob       : Début du job de mise à jour des transactions en attente
2024-11-09T10:07:12.821Z  INFO 54944 --- [backendwave] [   scheduling-1] c.b.job.TransactionStatusUpdateJob       : Début du job de mise à jour des transactions en attente
2024-11-09T10:08:12.826Z  INFO 54944 --- [backendwave] [   scheduling-1] c.b.job.TransactionStatusUpdateJob       : Début du job de mise à jour des transactions en attente
2024-11-09T10:09:12.832Z  INFO 54944 --- [backendwave] [   scheduling-1] c.b.job.TransactionStatusUpdateJob       : Début du job de mise à jour des transactions en attente
2024-11-09T10:10:12.836Z  INFO 54944 --- [backendwave] [   scheduling-1] c.b.job.TransactionStatusUpdateJob       : Début du job de mise à jour des transactions en attente
2024-11-09T10:11:12.842Z  INFO 54944 --- [backendwave] [   scheduling-1] c.b.job.TransactionStatusUpdateJob       : Début du job de mise à jour des transactions en attente
2024-11-09T10:12:12.846Z  INFO 54944 --- [backendwave] [   scheduling-1] c.b.job.TransactionStatusUpdateJob       : Début du job de mise à jour des transactions en attente
2024-11-09T10:13:12.852Z  INFO 54944 --- [backendwave] [   scheduling-1] c.b.job.TransactionStatusUpdateJob       : Début du job de mise à jour des transactions en attente
2024-11-09T10:14:12.858Z  INFO 54944 --- [backendwave] [   scheduling-1] c.b.job.TransactionStatusUpdateJob       : Début du job de mise à jour des transactions en attente
2024-11-09T10:15:12.864Z  INFO 54944 --- [backendwave] [   scheduling-1] c.b.job.TransactionStatusUpdateJob       : Début du job de mise à jour des transactions en attente
2024-11-09T10:16:12.869Z  INFO 54944 --- [backendwave] [   scheduling-1] c.b.job.TransactionStatusUpdateJob       : Début du job de mise à jour des transactions en attente
2024-11-09T10:17:12.874Z  INFO 54944 --- [backendwave] [   scheduling-1] c.b.job.TransactionStatusUpdateJob       : Début du job de mise à jour des transactions en attente
2024-11-09T10:41:24.239Z  INFO 54944 --- [backendwave] [   scheduling-1] c.b.job.TransactionStatusUpdateJob       : Début du job de mise à jour des transactions en attente
2024-11-09T10:42:24.245Z  INFO 54944 --- [backendwave] [   scheduling-1] c.b.job.TransactionStatusUpdateJob       : Début du job de mise à jour des transactions en attente
2024-11-09T10:43:24.249Z  INFO 54944 --- [backendwave] [   scheduling-1] c.b.job.TransactionStatusUpdateJob       : Début du job de mise à jour des transactions en attente
2024-11-09T10:44:24.254Z  INFO 54944 --- [backendwave] [   scheduling-1] c.b.job.TransactionStatusUpdateJob       : Début du job de mise à jour des transactions en attente
2024-11-09T10:45:24.259Z  INFO 54944 --- [backendwave] [   scheduling-1] c.b.job.TransactionStatusUpdateJob       : Début du job de mise à jour des transactions en attente
2024-11-09T10:46:24.263Z  INFO 54944 --- [backendwave] [   scheduling-1] c.b.job.TransactionStatusUpdateJob       : Début du job de mise à jour des transactions en attente
2024-11-09T10:47:24.268Z  INFO 54944 --- [backendwave] [   scheduling-1] c.b.job.TransactionStatusUpdateJob       : Début du job de mise à jour des transactions en attente
2024-11-09T10:48:24.271Z  INFO 54944 --- [backendwave] [   scheduling-1] c.b.job.TransactionStatusUpdateJob       : Début du job de mise à jour des transactions en attente
2024-11-09T10:49:24.275Z  INFO 54944 --- [backendwave] [   scheduling-1] c.b.job.TransactionStatusUpdateJob       : Début du job de mise à jour des transactions en attente
2024-11-09T10:50:24.279Z  INFO 54944 --- [backendwave] [   scheduling-1] c.b.job.TransactionStatusUpdateJob       : Début du job de mise à jour des transactions en attente
2024-11-09T10:51:24.283Z  INFO 54944 --- [backendwave] [   scheduling-1] c.b.job.TransactionStatusUpdateJob       : Début du job de mise à jour des transactions en attente
2024-11-09T10:52:24.290Z  INFO 54944 --- [backendwave] [   scheduling-1] c.b.job.TransactionStatusUpdateJob       : Début du job de mise à jour des transactions en attente
